
[1m[46m RUN [49m[22m [36mv4.0.9 [39m[90mT:/ProyectosPersonales/Programacion/DnD-Adventures-AI[39m

 [31mÔØ»[39m tests/unit/combat/initialization/first-turn-handler.test.ts [2m([22m[2m2 tests[22m[2m | [22m[31m2 failed[39m[2m)[22m[32m 3[2mms[22m[39m
[31m     [31m├ù[31m should process AI turn if first combatant is AI[39m[32m 2[2mms[22m[39m
[31m     [31m├ù[31m should return null if first combatant is Player[39m[32m 0[2mms[22m[39m
node.exe : 
En C:\Program Files\nodejs\npx.ps1: 29 Carácter: 3
+   & $NODE_EXE $NPX_CLI_JS $args
+   ~~~~~~~~~~~~~~~~~~~~~~~~~~~~~
    + CategoryInfo          : NotSpecified: (:String) [], Remote 
   Exception
    + FullyQualifiedErrorId : NativeCommandError
 
[31mÔÄ»ÔÄ»ÔÄ»ÔÄ»ÔÄ»ÔÄ»ÔÄ»[39m[1m[41m Failed Tests 2 
[49m[22m[31mÔÄ»ÔÄ»ÔÄ»ÔÄ»ÔÄ»ÔÄ»ÔÄ»[39m

[41m[1m FAIL [22m[49m 
tests/unit/combat/initialization/first-turn-handler.test.ts[2m 
> [22mFirstTurnHandler[2m > [22mshould process AI turn if 
first combatant is AI
[31m[1mTypeError[22m: 
__vi_import_0__.FirstTurnHandler.handleFirstTurn is not a 
function[39m
[36m [2mÔØ»[22m tests/unit/combat/initialization/first-turn-ha
ndler.test.ts:[2m74:47[22m[39m
    [90m 72| [39m        (CombatTurnManager.shouldSkipTurn as 
any).mockReturnValue(falsÔÇª
    [90m 73| [39m
    [90m 74| [39m        [35mconst[39m result [33m=[39m 
[35mawait[39m 
[33mFirstTurnHandler[39m[33m.[39m[34mhandleFirstTurn[39m({
    [90m   | [39m                                              
[31m^[39m
    [90m 75| [39m            initiativeOrder[33m:[39m 
initiativeOrder [35mas[39m any[33m,[39m
    [90m 76| [39m            party[33m:[39m party 
[35mas[39m any[33m,[39m

[31m[2mÔÄ»ÔÄ»ÔÄ»ÔÄ»ÔÄ»ÔÄ»ÔÄ»ÔÄ»ÔÄ»ÔÄ»ÔÄ»ÔÄ»ÔÄ»ÔÄ»ÔÄ»ÔÄ»ÔÄ»ÔÄ»ÔÄ
»ÔÄ»ÔÄ»ÔÄ»ÔÄ»ÔÄ»[1/2]ÔÄ»[22m[39m

[41m[1m FAIL [22m[49m 
tests/unit/combat/initialization/first-turn-handler.test.ts[2m 
> [22mFirstTurnHandler[2m > [22mshould return null if first 
combatant is Player
[31m[1mTypeError[22m: 
__vi_import_0__.FirstTurnHandler.handleFirstTurn is not a 
function[39m
[36m [2mÔØ»[22m tests/unit/combat/initialization/first-turn-ha
ndler.test.ts:[2m99:47[22m[39m
    [90m 97| [39m        ][33m;[39m
    [90m 98| [39m
    [90m 99| [39m        [35mconst[39m result [33m=[39m 
[35mawait[39m 
[33mFirstTurnHandler[39m[33m.[39m[34mhandleFirstTurn[39m({
    [90m   | [39m                                              
[31m^[39m
    [90m100| [39m            initiativeOrder[33m:[39m 
initiativeOrder [35mas[39m any[33m,[39m
    [90m101| [39m            party[33m:[39m [][33m,[39m

[31m[2mÔÄ»ÔÄ»ÔÄ»ÔÄ»ÔÄ»ÔÄ»ÔÄ»ÔÄ»ÔÄ»ÔÄ»ÔÄ»ÔÄ»ÔÄ»ÔÄ»ÔÄ»ÔÄ»ÔÄ»ÔÄ»ÔÄ
»ÔÄ»ÔÄ»ÔÄ»ÔÄ»ÔÄ»[2/2]ÔÄ»[22m[39m


[2m Test Files [22m [1m[31m1 failed[39m[22m[90m (1)[39m
[2m      Tests [22m [1m[31m2 failed[39m[22m[90m (2)[39m
[2m   Start at [22m 10:07:53
[2m   Duration [22m 9.96s[2m (transform 138ms, setup 1.23s, collect 106ms, tests 3ms, environment 5.80s, prepare 109ms)[22m

